{"row":3,"data":{"No":"2","Tanggal":"12/19/2025","Appeal Worker":"Affan Ikhsan","PJP":"BCA","Nama Merchant":"GTHINGS SHOP OFFICIAL","MCC":"5999","Tanggal Respond":"12/19/2025","Rekomendasi Nama Merchant":"-","Rekomendasi MCC":"-","ACTION":"Ditolak","Bukti Pendukung 1":"Memastikan kepada pihak BCA apakah jenis usaha merchant tersebut sesuai dengan ketentuan undang undang yang berlaku?"},"reason":"date/time field value out of range: \"2025-19-12\""}
